[INFO] Scanning for projects...
[WARNING] 
[WARNING] Some problems were encountered while building the effective model for io.github.yesnonononononi:harness-example:jar:1.0.0
[WARNING] 'build.plugins.plugin.version' for org.springframework.boot:spring-boot-maven-plugin is missing. @ line 35, column 21
[WARNING] 
[WARNING] It is highly recommended to fix these problems because they threaten the stability of your build.
[WARNING] 
[WARNING] For this reason, future Maven versions might no longer support building such malformed projects.
[WARNING] 
[INFO] Inspecting build with total of 1 modules
[INFO] Installing Central Publishing features
[INFO] 
[INFO] -------------< io.github.yesnonononononi:harness-example >--------------
[INFO] Building harness-example 1.0.0
[INFO]   from pom.xml
[INFO] --------------------------------[ jar ]---------------------------------
[INFO] 
[INFO] --- resources:3.4.0:resources (default-resources) @ harness-example ---
[WARNING] Using platform encoding (UTF-8 actually) to copy filtered resources, i.e. build is platform dependent!
[INFO] Copying 2 resources from src\main\resources to target\classes
[INFO] 
[INFO] --- compiler:3.13.0:compile (default-compile) @ harness-example ---
[INFO] Nothing to compile - all classes are up to date.
[INFO] 
[INFO] --- resources:3.4.0:testResources (default-testResources) @ harness-example ---
[WARNING] Using platform encoding (UTF-8 actually) to copy filtered resources, i.e. build is platform dependent!
[INFO] skip non existing resourceDirectory D:\Code\starter\lingxi-harness-agent\harness-example\src\test\resources
[INFO] 
[INFO] --- compiler:3.13.0:testCompile (default-testCompile) @ harness-example ---
[INFO] Nothing to compile - all classes are up to date.
[INFO] 
[INFO] --- surefire:3.5.4:test (default-test) @ harness-example ---
[INFO] Using auto detected provider org.apache.maven.surefire.junitplatform.JUnitPlatformProvider
[INFO] 
[INFO] -------------------------------------------------------
[INFO]  T E S T S
[INFO] -------------------------------------------------------
[INFO] Running com.summit.harnessexample.HarnessExampleApplicationTests
18:54:41.096 [main] INFO org.springframework.test.context.support.AnnotationConfigContextLoaderUtils -- Could not detect default configuration classes for test class [com.summit.harnessexample.HarnessExampleApplicationTests]: HarnessExampleApplicationTests does not declare any static, non-private, non-final, nested classes annotated with @Configuration.
18:54:41.215 [main] INFO org.springframework.boot.test.context.SpringBootTestContextBootstrapper -- Found @SpringBootConfiguration com.summit.harnessexample.HarnessExampleApplication for test class com.summit.harnessexample.HarnessExampleApplicationTests
18:54:41.293 [main] INFO org.springframework.test.context.support.AnnotationConfigContextLoaderUtils -- Could not detect default configuration classes for test class [com.summit.harnessexample.HarnessExampleApplicationTests]: HarnessExampleApplicationTests does not declare any static, non-private, non-final, nested classes annotated with @Configuration.
18:54:41.294 [main] INFO org.springframework.boot.test.context.SpringBootTestContextBootstrapper -- Found @SpringBootConfiguration com.summit.harnessexample.HarnessExampleApplication for test class com.summit.harnessexample.HarnessExampleApplicationTests

  .   ____          _            __ _ _
 /\\ / ___'_ __ _ _(_)_ __  __ _ \ \ \ \
( ( )\___ | '_ | '_| | '_ \/ _` | \ \ \ \
 \\/  ___)| |_)| | | | | || (_| |  ) ) ) )
  '  |____| .__|_| |_|_| |_\__, | / / / /
 =========|_|==============|___/=/_/_/_/

 :: Spring Boot ::                (v4.1.1)

2026-08-24T18:54:41.634+08:00  INFO 55728 --- [harness-example] [           main] c.s.h.HarnessExampleApplicationTests     : Starting HarnessExampleApplicationTests using Java 24.0.2 with PID 55728 (started by summit in D:\Code\starter\lingxi-harness-agent\harness-example)
2026-08-24T18:54:41.636+08:00  INFO 55728 --- [harness-example] [           main] c.s.h.HarnessExampleApplicationTests     : No active profile set, falling back to 1 default profile: "default"
2026-08-24T18:54:42.704+08:00  INFO 55728 --- [harness-example] [           main] c.s.h.s.c.CommonToolAutoConfiguration    : webSearchToolDefinition successfully registered
2026-08-24T18:54:43.027+08:00  INFO 55728 --- [harness-example] [           main] c.s.h.HarnessExampleApplicationTests     : Started HarnessExampleApplicationTests in 1.681 seconds (process running for 2.678)
Mockito is currently self-attaching to enable the inline-mock-maker. This will no longer work in future releases of the JDK. Please add Mockito as an agent to your build as described in Mockito's documentation: https://javadoc.io/doc/org.mockito/mockito-core/latest/org.mockito/org/mockito/Mockito.html#0.3
WARNING: A Java agent has been loaded dynamically (C:\Users\summit\.m2\repository\net\bytebuddy\byte-buddy-agent\1.18.11\byte-buddy-agent-1.18.11.jar)
WARNING: If a serviceability tool is in use, please run with -XX:+EnableDynamicAgentLoading to hide this warning
WARNING: If a serviceability tool is not in use, please run with -Djdk.instrument.traceUsage for more information
WARNING: Dynamic loading of agents will be disallowed by default in a future release
OpenJDK 64-Bit Server VM warning: Sharing is only supported for boot loader classes because bootstrap classpath has been appended
2026-08-24T18:54:48.012+08:00  INFO 55728 --- [harness-example] [           main] c.s.runtime.ChatModelRuntimeProcessor    : ??Agent??:???????????????????????????????????
2026-08-24T18:54:48.019+08:00  INFO 55728 --- [harness-example] [           main] c.s.t.t.CommandToolDefinitionExecutor    : ??ToolCall?? dir
2026-08-24T18:54:48.399+08:00  INFO 55728 --- [harness-example] [           main] c.s.t.t.CommandToolDefinitionExecutor    : ??ToolCall?? Get-ChildItem -Recurse -Depth 2 | Select-Object FullName
2026-08-24T18:54:49.963+08:00  INFO 55728 --- [harness-example] [           main] c.s.runtime.ChatModelRuntimeProcessor    : ??Agent??:?????????????????????????????"???????"??????????
2026-08-24T18:54:49.968+08:00  INFO 55728 --- [harness-example] [           main] c.s.t.file.read.ReadFileToolExecutor     : ??ToolCall?? read_file :D:\Code\starter\lingxi-harness-agent\harness-example\pom.xml
2026-08-24T18:54:49.970+08:00  INFO 55728 --- [harness-example] [           main] c.s.t.t.CommandToolDefinitionExecutor    : ??ToolCall?? Get-ChildItem -Recurse -Path src | Select-Object FullName
2026-08-24T18:54:51.633+08:00  INFO 55728 --- [harness-example] [           main] c.s.runtime.ChatModelRuntimeProcessor    : ??Agent??:?????????? Java ???????????????????
2026-08-24T18:54:51.637+08:00  INFO 55728 --- [harness-example] [           main] c.s.t.file.read.ReadFileToolExecutor     : ??ToolCall?? read_file :D:\Code\starter\lingxi-harness-agent\harness-example\src\main\java\com\summit\harnessexample\Demo.java
2026-08-24T18:54:51.641+08:00  INFO 55728 --- [harness-example] [           main] c.s.t.file.read.ReadFileToolExecutor     : ??ToolCall?? read_file :D:\Code\starter\lingxi-harness-agent\harness-example\src\main\java\com\summit\harnessexample\Controller.java
2026-08-24T18:54:51.646+08:00  INFO 55728 --- [harness-example] [           main] c.s.t.file.read.ReadFileToolExecutor     : ??ToolCall?? read_file :D:\Code\starter\lingxi-harness-agent\harness-example\src\main\java\com\summit\harnessexample\AgentWebSocketHandler.java
2026-08-24T18:54:54.847+08:00  INFO 55728 --- [harness-example] [           main] c.s.runtime.ChatModelRuntimeProcessor    : ??Agent??:?????????????????????????????????????????????????
2026-08-24T18:54:54.849+08:00  INFO 55728 --- [harness-example] [           main] c.s.t.file.read.ReadFileToolExecutor     : ??ToolCall?? read_file :D:\Code\starter\lingxi-harness-agent\harness-example\src\main\java\com\summit\harnessexample\EventListener.java
2026-08-24T18:54:54.851+08:00  INFO 55728 --- [harness-example] [           main] c.s.t.file.read.ReadFileToolExecutor     : ??ToolCall?? read_file :D:\Code\starter\lingxi-harness-agent\harness-example\src\main\java\com\summit\harnessexample\HarnessExampleApplication.java
2026-08-24T18:54:54.852+08:00  INFO 55728 --- [harness-example] [           main] c.s.t.file.read.ReadFileToolExecutor     : ??ToolCall?? read_file :D:\Code\starter\lingxi-harness-agent\harness-example\src\main\java\com\summit\harnessexample\WebSocketConfig.java
2026-08-24T18:54:54.853+08:00  INFO 55728 --- [harness-example] [           main] c.s.t.file.read.ReadFileToolExecutor     : ??ToolCall?? read_file :D:\Code\starter\lingxi-harness-agent\harness-example\src\main\resources\application.yaml
2026-08-24T18:55:02.315+08:00  INFO 55728 --- [harness-example] [           main] c.s.runtime.ChatModelRuntimeProcessor    : ??Agent??:????????????????????????"????????/???"?????????
2026-08-24T18:55:02.316+08:00  INFO 55728 --- [harness-example] [           main] c.s.t.t.CommandToolDefinitionExecutor    : ??ToolCall?? Get-ChildItem -Recurse -Path frontend\src | Select-Object FullName
2026-08-24T18:55:02.690+08:00  INFO 55728 --- [harness-example] [           main] c.s.t.t.CommandToolDefinitionExecutor    : ??ToolCall?? Get-ChildItem -Path "$env:USERPROFILE\.m2\repository\io\github\yesnonononononi" -Recurse -ErrorAction SilentlyContinue | Select-Object FullName
2026-08-24T18:55:05.055+08:00  INFO 55728 --- [harness-example] [           main] c.s.runtime.ChatModelRuntimeProcessor    : ??Agent??:????? harness-core ??????????????/?????????
2026-08-24T18:55:05.056+08:00  INFO 55728 --- [harness-example] [           main] c.s.t.t.CommandToolDefinitionExecutor    : ??ToolCall?? $jar = "C:\Users\summit\.m2\repository\io\github\yesnonononononi\harness-core\1.0.0\harness-core-1.0.0-sources.jar"; $dest = "$env:TEMP\harness-core-src"; if (Test-Path $dest) { Remove-Item -Recurse -Force $dest }; Expand-Archive -Path $jar -DestinationPath $dest -Force; Get-ChildItem -Recurse -Path $dest | Select-Object FullName
2026-08-24T18:55:06.925+08:00  INFO 55728 --- [harness-example] [           main] c.s.runtime.ChatModelRuntimeProcessor    : ??Agent??:null
2026-08-24T18:55:06.926+08:00  INFO 55728 --- [harness-example] [           main] c.s.t.t.CommandToolDefinitionExecutor    : ??ToolCall?? $jar = 'C:\Users\summit\.m2\repository\io\github\yesnonononononi\harness-core\1.0.0\harness-core-1.0.0-sources.jar'; $dest = Join-Path $env:TEMP 'harness-core-src'; if (Test-Path $dest) { Remove-Item -Recurse -Force $dest }; Expand-Archive -Path $jar -DestinationPath $dest -Force; Get-ChildItem -Recurse -Path $dest -Filter *.java | Select-Object -ExpandProperty FullName
2026-08-24T18:55:10.119+08:00  INFO 55728 --- [harness-example] [           main] c.s.runtime.ChatModelRuntimeProcessor    : ??Agent??:????? runtime ?????????????/?????????
2026-08-24T18:55:10.124+08:00  INFO 55728 --- [harness-example] [           main] c.s.t.t.CommandToolDefinitionExecutor    : ??ToolCall?? $jars = @('C:\Users\summit\.m2\repository\io\github\yesnonononononi\harness-runtime-default\1.0.0\harness-runtime-default-1.0.0-sources.jar','C:\Users\summit\.m2\repository\io\github\yesnonononononi\harness-runtime\1.0.0\harness-runtime-1.0.0-sources.jar','C:\Users\summit\.m2\repository\io\github\yesnonononononi\harness-base-tools\1.0.0\harness-base-tools-1.0.0-sources.jar'); $i=0; foreach ($jar in $jars) { if (Test-Path $jar) { $dest = Join-Path $env:TEMP ("harness-src-" + $i); if (Test-Path $dest) { Remove-Item -Recurse -Force $dest }; Expand-Archive -Path $jar -DestinationPath $dest -Force; Write-Host "=== $jar ==="; Get-ChildItem -Recurse -Path $dest -Filter *.java | Select-Object -ExpandProperty FullName }; $i++ }
2026-08-24T18:55:14.814+08:00  INFO 55728 --- [harness-example] [           main] c.s.runtime.ChatModelRuntimeProcessor    : ??Agent??:???????????????????????????????????? harness ???
2026-08-24T18:55:14.816+08:00  INFO 55728 --- [harness-example] [           main] c.s.t.t.CommandToolDefinitionExecutor    : ??ToolCall?? Get-ChildItem -Path 'D:\Code\starter\lingxi-harness-agent' | Select-Object Mode, LastWriteTime, Name; Write-Host '---parent of starter---'; Get-ChildItem -Path 'D:\Code\starter' | Select-Object Mode, LastWriteTime, Name
2026-08-24T18:55:17.085+08:00  INFO 55728 --- [harness-example] [           main] c.s.runtime.ChatModelRuntimeProcessor    : ??Agent??:??????????? harness ??????????????????/?????????
2026-08-24T18:55:17.085+08:00  INFO 55728 --- [harness-example] [           main] c.s.t.t.CommandToolDefinitionExecutor    : ??ToolCall?? Get-ChildItem -Path 'D:\Code\starter\lingxi-harness-agent' -Recurse -Include *.java -ErrorAction SilentlyContinue | Select-String -Pattern 'compress|Compress|summary|Summary|summariz|Summariz|??????' -List | Select-Object Path, LineNumber, Line | Format-List
2026-08-24T18:55:18.290+08:00  INFO 55728 --- [harness-example] [           main] c.s.t.t.CommandToolDefinitionExecutor    : ??ToolCall?? Get-ChildItem -Path 'D:\Code\starter\lingxi-harness-agent' -Recurse -Include *.java -ErrorAction SilentlyContinue | Select-Object -ExpandProperty FullName
2026-08-24T18:55:22.183+08:00  INFO 55728 --- [harness-example] [           main] c.s.runtime.ChatModelRuntimeProcessor    : ??Agent??:?????????????????????????????????????��??????????
2026-08-24T18:55:22.190+08:00  INFO 55728 --- [harness-example] [           main] c.s.t.file.read.ReadFileToolExecutor     : ??ToolCall?? read_file :D:\Code\starter\lingxi-harness-agent\harness-example\src\test\java\com\summit\harnessexample\HarnessExampleApplicationTests.java
2026-08-24T18:55:28.760+08:00  INFO 55728 --- [harness-example] [           main] c.s.runtime.ChatModelRuntimeProcessor    : ??Agent??:read_file ???????????????????????????????��???????????
2026-08-24T18:55:28.762+08:00  INFO 55728 --- [harness-example] [           main] c.s.t.t.CommandToolDefinitionExecutor    : ??ToolCall?? Get-Content 'D:\Code\starter\lingxi-harness-agent\harness-base-tools\src\main\java\com\summit\tools\compact\ContextCompactToolExecutor.java' -Encoding UTF8
2026-08-24T18:55:29.105+08:00  INFO 55728 --- [harness-example] [           main] c.s.t.t.CommandToolDefinitionExecutor    : ??ToolCall?? Get-Content 'D:\Code\starter\lingxi-harness-agent\harness-base-tools\src\main\java\com\summit\tools\compact\ContextCompactToolDefinition.java' -Encoding UTF8
2026-08-24T18:55:41.003+08:00  INFO 55728 --- [harness-example] [           main] c.s.runtime.ChatModelRuntimeProcessor    : ??Agent??:????????????????????????????????????��?
2026-08-24T18:55:41.005+08:00  INFO 55728 --- [harness-example] [           main] c.s.t.t.CommandToolDefinitionExecutor    : ??ToolCall?? Get-Content 'D:\Code\starter\lingxi-harness-agent\harness-spring-boot-autoconfigure\src\main\java\com\summit\harness\springbootautoconfigure\conf\CommonToolAutoConfiguration.java' -Encoding UTF8
